app/api/calculate-k-sens/route.ts(121,53): error TS2322: Type 'ELECTREResult' is not assignable to type 'Record<string, number>'.
  Index signature for type 'string' is missing in type 'ELECTREResult'.
app/api/calculate-k-sens/route.ts(122,54): error TS2322: Type '{ scores: Record<string, number>; normalizedMatrix: Record<string, Record<string, number>>; concordanceMatrix: Record<string, Record<string, number>>; discordanceMatrix: Record<...>; outrankingMatrix: Record<...>; }' is not assignable to type 'Record<string, number>'.
  Property 'scores' is incompatible with index signature.
    Type 'Record<string, number>' is not assignable to type 'number'.
app/api/calculate-k-sens/route.ts(123,54): error TS2322: Type '{ scores: Record<string, number>; normalizedMatrix: Record<string, Record<string, number>>; concordanceMatrix: Record<string, Record<string, number>>; discordanceMatrix: Record<...>; strongOutrankingMatrix: Record<...>; weakOutrankingMatrix: Record<...>; }' is not assignable to type 'Record<string, number>'.
  Property 'scores' is incompatible with index signature.
    Type 'Record<string, number>' is not assignable to type 'number'.
scratch/k_chart_dump.tsx(2,26): error TS2304: Cannot find name 'kSensViewType'.
scratch/k_chart_dump.tsx(3,24): error TS2304: Cannot find name 'workingCriteria'.
scratch/k_chart_dump.tsx(3,45): error TS7006: Parameter 'c' implicitly has an 'any' type.
scratch/k_chart_dump.tsx(4,33): error TS2304: Cannot find name 'calculateWeightSensitivityData'.
scratch/k_chart_dump.tsx(4,88): error TS2304: Cannot find name 'generateKSensChartData'.
scratch/k_chart_dump.tsx(7,9): error TS2304: Cannot find name 'isAnalyzing'.
scratch/k_chart_dump.tsx(10,12): error TS2304: Cannot find name 'Loader2'.
scratch/k_chart_dump.tsx(18,15): error TS2304: Cannot find name 'isMobile'.
scratch/k_chart_dump.tsx(23,9): error TS2304: Cannot find name 'kSensChartType'.
scratch/k_chart_dump.tsx(27,9): error TS2304: Cannot find name 'kSensChartType'.
scratch/k_chart_dump.tsx(31,9): error TS2304: Cannot find name 'kSensChartType'.
scratch/k_chart_dump.tsx(34,27): error TS2304: Cannot find name 'kSensVariationRange'.
scratch/k_chart_dump.tsx(34,52): error TS7006: Parameter 'v' implicitly has an 'any' type.
scratch/k_chart_dump.tsx(34,55): error TS7006: Parameter 'vIdx' implicitly has an 'any' type.
scratch/k_chart_dump.tsx(36,11): error TS2304: Cannot find name 'workingCriteria'.
scratch/k_chart_dump.tsx(36,35): error TS7006: Parameter 'crit' implicitly has an 'any' type.
scratch/k_chart_dump.tsx(43,21): error TS2304: Cannot find name 'chartRef'.
scratch/k_chart_dump.tsx(48,14): error TS2304: Cannot find name 'ResponsiveContainer'.
scratch/k_chart_dump.tsx(49,16): error TS2304: Cannot find name 'RadarChart'.
scratch/k_chart_dump.tsx(50,18): error TS2304: Cannot find name 'PolarGrid'.
scratch/k_chart_dump.tsx(51,18): error TS2304: Cannot find name 'PolarAngleAxis'.
scratch/k_chart_dump.tsx(52,18): error TS2304: Cannot find name 'PolarRadiusAxis'.
scratch/k_chart_dump.tsx(56,35): error TS7006: Parameter 'val' implicitly has an 'any' type.
scratch/k_chart_dump.tsx(58,18): error TS2304: Cannot find name 'Tooltip'.
scratch/k_chart_dump.tsx(59,31): error TS7031: Binding element 'active' implicitly has an 'any' type.
scratch/k_chart_dump.tsx(59,39): error TS7031: Binding element 'payload' implicitly has an 'any' type.
scratch/k_chart_dump.tsx(76,18): error TS2304: Cannot find name 'Legend'.
scratch/k_chart_dump.tsx(94,18): error TS2304: Cannot find name 'workingCriteria'.
scratch/k_chart_dump.tsx(94,39): error TS7006: Parameter 'crit' implicitly has an 'any' type.
scratch/k_chart_dump.tsx(94,45): error TS7006: Parameter 'idx' implicitly has an 'any' type.
scratch/k_chart_dump.tsx(95,20): error TS2304: Cannot find name 'Radar'.
scratch/k_chart_dump.tsx(99,29): error TS2304: Cannot find name 'colors'.
scratch/k_chart_dump.tsx(99,42): error TS2304: Cannot find name 'colors'.
scratch/k_chart_dump.tsx(101,46): error TS2304: Cannot find name 'selectedCriterionToVary'.
scratch/k_chart_dump.tsx(102,50): error TS2304: Cannot find name 'selectedCriterionToVary'.
scratch/k_chart_dump.tsx(103,40): error TS2304: Cannot find name 'colors'.
scratch/k_chart_dump.tsx(103,53): error TS2304: Cannot find name 'colors'.
scratch/k_chart_dump.tsx(106,17): error TS2304: Cannot find name 'RadarChart'.
scratch/k_chart_dump.tsx(107,15): error TS2304: Cannot find name 'ResponsiveContainer'.
scratch/k_chart_dump.tsx(112,23): error TS2304: Cannot find name 'alternatives'.
scratch/k_chart_dump.tsx(130,25): error TS2304: Cannot find name 'kSensVariationRange'.
scratch/k_chart_dump.tsx(130,50): error TS7006: Parameter 'v' implicitly has an 'any' type.
scratch/k_chart_dump.tsx(130,53): error TS7006: Parameter 'vIdx' implicitly has an 'any' type.
scratch/k_chart_dump.tsx(132,9): error TS2304: Cannot find name 'alternatives'.
scratch/k_chart_dump.tsx(132,30): error TS7006: Parameter 'alt' implicitly has an 'any' type.
scratch/k_chart_dump.tsx(134,32): error TS2304: Cannot find name 'kSensResults'.
scratch/k_chart_dump.tsx(142,19): error TS2304: Cannot find name 'chartRef'.
scratch/k_chart_dump.tsx(147,12): error TS2304: Cannot find name 'ResponsiveContainer'.
scratch/k_chart_dump.tsx(148,14): error TS2304: Cannot find name 'RadarChart'.
scratch/k_chart_dump.tsx(149,16): error TS2304: Cannot find name 'PolarGrid'.
scratch/k_chart_dump.tsx(150,16): error TS2304: Cannot find name 'PolarAngleAxis'.
scratch/k_chart_dump.tsx(154,16): error TS2304: Cannot find name 'PolarRadiusAxis'.
scratch/k_chart_dump.tsx(158,33): error TS7006: Parameter 'val' implicitly has an 'any' type.
scratch/k_chart_dump.tsx(163,16): error TS2304: Cannot find name 'Tooltip'.
scratch/k_chart_dump.tsx(164,29): error TS7031: Binding element 'active' implicitly has an 'any' type.
scratch/k_chart_dump.tsx(164,37): error TS7031: Binding element 'payload' implicitly has an 'any' type.
scratch/k_chart_dump.tsx(181,16): error TS2304: Cannot find name 'Legend'.
scratch/k_chart_dump.tsx(199,16): error TS2304: Cannot find name 'alternatives'.
scratch/k_chart_dump.tsx(199,34): error TS7006: Parameter 'alt' implicitly has an 'any' type.
scratch/k_chart_dump.tsx(199,39): error TS7006: Parameter 'altIdx' implicitly has an 'any' type.
scratch/k_chart_dump.tsx(200,18): error TS2304: Cannot find name 'Radar'.
scratch/k_chart_dump.tsx(204,68): error TS2304: Cannot find name 'alternatives'.
scratch/k_chart_dump.tsx(208,79): error TS2304: Cannot find name 'alternatives'.
scratch/k_chart_dump.tsx(211,15): error TS2304: Cannot find name 'RadarChart'.
scratch/k_chart_dump.tsx(212,13): error TS2304: Cannot find name 'ResponsiveContainer'.
scratch/k_chart_dump.tsx(226,17): error TS2304: Cannot find name 'chartRef'.
scratch/k_chart_dump.tsx(227,51): error TS2304: Cannot find name 'kSensChartType'.
scratch/k_chart_dump.tsx(228,12): error TS2304: Cannot find name 'ResponsiveContainer'.
scratch/k_chart_dump.tsx(229,47): error TS2304: Cannot find name 'kSensChartType'.
scratch/k_chart_dump.tsx(230,16): error TS2304: Cannot find name 'AreaChart'.
scratch/k_chart_dump.tsx(231,18): error TS2304: Cannot find name 'CartesianGrid'.
scratch/k_chart_dump.tsx(232,18): error TS2304: Cannot find name 'XAxis'.
scratch/k_chart_dump.tsx(233,18): error TS2304: Cannot find name 'XAxis'.
scratch/k_chart_dump.tsx(234,18): error TS2304: Cannot find name 'YAxis'.
scratch/k_chart_dump.tsx(234,185): error TS2304: Cannot find name 'kSensChartType'.
scratch/k_chart_dump.tsx(234,248): error TS2304: Cannot find name 'alternatives'.
scratch/k_chart_dump.tsx(234,343): error TS2304: Cannot find name 'alternatives'.
scratch/k_chart_dump.tsx(235,18): error TS2304: Cannot find name 'YAxis'.
scratch/k_chart_dump.tsx(235,161): error TS2304: Cannot find name 'kSensChartType'.
scratch/k_chart_dump.tsx(235,224): error TS2304: Cannot find name 'alternatives'.
scratch/k_chart_dump.tsx(236,18): error TS2304: Cannot find name 'Tooltip'.
scratch/k_chart_dump.tsx(237,18): error TS2304: Cannot find name 'Legend'.
scratch/k_chart_dump.tsx(239,19): error TS2304: Cannot find name 'workingCriteria'.
scratch/k_chart_dump.tsx(239,40): error TS7006: Parameter 'crit' implicitly has an 'any' type.
scratch/k_chart_dump.tsx(239,46): error TS7006: Parameter 'idx' implicitly has an 'any' type.
scratch/k_chart_dump.tsx(240,22): error TS2304: Cannot find name 'Area'.
scratch/k_chart_dump.tsx(245,31): error TS2304: Cannot find name 'colors'.
scratch/k_chart_dump.tsx(245,44): error TS2304: Cannot find name 'colors'.
scratch/k_chart_dump.tsx(246,29): error TS2304: Cannot find name 'colors'.
scratch/k_chart_dump.tsx(246,42): error TS2304: Cannot find name 'colors'.
scratch/k_chart_dump.tsx(248,32): error TS2304: Cannot find name 'kSensChartType'.
scratch/k_chart_dump.tsx(249,36): error TS2304: Cannot find name 'kSensChartType'.
scratch/k_chart_dump.tsx(254,19): error TS2304: Cannot find name 'alternatives'.
scratch/k_chart_dump.tsx(254,37): error TS7006: Parameter 'alt' implicitly has an 'any' type.
scratch/k_chart_dump.tsx(254,42): error TS7006: Parameter 'altIdx' implicitly has an 'any' type.
scratch/k_chart_dump.tsx(255,22): error TS2304: Cannot find name 'Area'.
scratch/k_chart_dump.tsx(260,31): error TS2304: Cannot find name 'colors'.
scratch/k_chart_dump.tsx(260,47): error TS2304: Cannot find name 'colors'.
scratch/k_chart_dump.tsx(261,29): error TS2304: Cannot find name 'colors'.
scratch/k_chart_dump.tsx(261,45): error TS2304: Cannot find name 'colors'.
scratch/k_chart_dump.tsx(263,32): error TS2304: Cannot find name 'kSensChartType'.
scratch/k_chart_dump.tsx(264,36): error TS2304: Cannot find name 'kSensChartType'.
scratch/k_chart_dump.tsx(268,17): error TS2304: Cannot find name 'AreaChart'.
scratch/k_chart_dump.tsx(270,14): error TS2304: Cannot find name 'LineChart'.
scratch/k_chart_dump.tsx(274,16): error TS2304: Cannot find name 'CartesianGrid'.
scratch/k_chart_dump.tsx(275,16): error TS2304: Cannot find name 'XAxis'.
scratch/k_chart_dump.tsx(284,16): error TS2304: Cannot find name 'XAxis'.
scratch/k_chart_dump.tsx(291,16): error TS2304: Cannot find name 'YAxis'.
scratch/k_chart_dump.tsx(296,58): error TS2304: Cannot find name 'alternatives'.
scratch/k_chart_dump.tsx(298,61): error TS2304: Cannot find name 'alternatives'.
scratch/k_chart_dump.tsx(301,16): error TS2304: Cannot find name 'YAxis'.
scratch/k_chart_dump.tsx(308,58): error TS2304: Cannot find name 'alternatives'.
scratch/k_chart_dump.tsx(311,16): error TS2304: Cannot find name 'Tooltip'.
scratch/k_chart_dump.tsx(312,16): error TS2304: Cannot find name 'Legend'.
scratch/k_chart_dump.tsx(331,17): error TS2304: Cannot find name 'workingCriteria'.
scratch/k_chart_dump.tsx(331,38): error TS7006: Parameter 'crit' implicitly has an 'any' type.
scratch/k_chart_dump.tsx(331,44): error TS7006: Parameter 'idx' implicitly has an 'any' type.
scratch/k_chart_dump.tsx(332,20): error TS2304: Cannot find name 'Line'.
scratch/k_chart_dump.tsx(337,29): error TS2304: Cannot find name 'colors'.
scratch/k_chart_dump.tsx(337,42): error TS2304: Cannot find name 'colors'.
scratch/k_chart_dump.tsx(338,46): error TS2304: Cannot find name 'selectedCriterionToVary'.
scratch/k_chart_dump.tsx(339,50): error TS2304: Cannot find name 'selectedCriterionToVary'.
scratch/k_chart_dump.tsx(345,17): error TS2304: Cannot find name 'alternatives'.
scratch/k_chart_dump.tsx(345,35): error TS7006: Parameter 'alt' implicitly has an 'any' type.
scratch/k_chart_dump.tsx(345,40): error TS7006: Parameter 'altIdx' implicitly has an 'any' type.
scratch/k_chart_dump.tsx(346,20): error TS2304: Cannot find name 'Line'.
scratch/k_chart_dump.tsx(350,29): error TS2304: Cannot find name 'colors'.
scratch/k_chart_dump.tsx(350,45): error TS2304: Cannot find name 'colors'.
scratch/k_chart_dump.tsx(355,15): error TS2304: Cannot find name 'LineChart'.
scratch/k_chart_dump.tsx(357,13): error TS2304: Cannot find name 'ResponsiveContainer'.
scratch/k_chart_dump.tsx(358,13): error TS2304: Cannot find name 'kSensChartType'.
scratch/k_chart_dump.tsx(359,12): error TS2304: Cannot find name 'ResponsiveContainer'.
scratch/k_chart_dump.tsx(360,14): error TS2304: Cannot find name 'ScatterChart'.
scratch/k_chart_dump.tsx(364,16): error TS2304: Cannot find name 'CartesianGrid'.
scratch/k_chart_dump.tsx(365,16): error TS2304: Cannot find name 'XAxis'.
scratch/k_chart_dump.tsx(372,29): error TS2304: Cannot find name 'kSensVariationRange'.
scratch/k_chart_dump.tsx(373,45): error TS2304: Cannot find name 'kSensVariationRange'.
scratch/k_chart_dump.tsx(374,33): error TS7006: Parameter 'val' implicitly has an 'any' type.
scratch/k_chart_dump.tsx(374,44): error TS2304: Cannot find name 'kSensVariationRange'.
scratch/k_chart_dump.tsx(378,16): error TS2304: Cannot find name 'XAxis'.
scratch/k_chart_dump.tsx(385,16): error TS2304: Cannot find name 'YAxis'.
scratch/k_chart_dump.tsx(394,58): error TS2304: Cannot find name 'alternatives'.
scratch/k_chart_dump.tsx(396,61): error TS2304: Cannot find name 'alternatives'.
scratch/k_chart_dump.tsx(405,16): error TS2304: Cannot find name 'YAxis'.
scratch/k_chart_dump.tsx(412,58): error TS2304: Cannot find name 'alternatives'.
scratch/k_chart_dump.tsx(414,16): error TS2304: Cannot find name 'Tooltip'.
scratch/k_chart_dump.tsx(415,16): error TS2304: Cannot find name 'Legend'.
scratch/k_chart_dump.tsx(434,17): error TS2304: Cannot find name 'workingCriteria'.
scratch/k_chart_dump.tsx(434,38): error TS7006: Parameter 'crit' implicitly has an 'any' type.
scratch/k_chart_dump.tsx(434,44): error TS7006: Parameter 'idx' implicitly has an 'any' type.
scratch/k_chart_dump.tsx(436,27): error TS2304: Cannot find name 'Scatter'.
scratch/k_chart_dump.tsx(436,93): error TS2304: Cannot find name 'colors'.
scratch/k_chart_dump.tsx(436,106): error TS2304: Cannot find name 'colors'.
scratch/k_chart_dump.tsx(439,17): error TS2304: Cannot find name 'alternatives'.
scratch/k_chart_dump.tsx(439,35): error TS7006: Parameter 'alt' implicitly has an 'any' type.
scratch/k_chart_dump.tsx(439,40): error TS7006: Parameter 'altIdx' implicitly has an 'any' type.
scratch/k_chart_dump.tsx(440,49): error TS7006: Parameter 'd' implicitly has an 'any' type.
scratch/k_chart_dump.tsx(440,52): error TS7006: Parameter 'idx' implicitly has an 'any' type.
scratch/k_chart_dump.tsx(441,28): error TS2304: Cannot find name 'Scatter'.
scratch/k_chart_dump.tsx(441,92): error TS2304: Cannot find name 'colors'.
scratch/k_chart_dump.tsx(441,108): error TS2304: Cannot find name 'colors'.
scratch/k_chart_dump.tsx(443,15): error TS2304: Cannot find name 'ScatterChart'.
scratch/k_chart_dump.tsx(444,13): error TS2304: Cannot find name 'ResponsiveContainer'.
scratch/k_chart_dump.tsx(445,13): error TS2304: Cannot find name 'kSensChartType'.
scratch/k_chart_dump.tsx(446,12): error TS2304: Cannot find name 'ResponsiveContainer'.
scratch/k_chart_dump.tsx(447,14): error TS2304: Cannot find name 'ComposedChart'.
scratch/k_chart_dump.tsx(452,16): error TS2304: Cannot find name 'CartesianGrid'.
scratch/k_chart_dump.tsx(453,16): error TS2304: Cannot find name 'XAxis'.
scratch/k_chart_dump.tsx(462,16): error TS2304: Cannot find name 'XAxis'.
scratch/k_chart_dump.tsx(469,16): error TS2304: Cannot find name 'YAxis'.
scratch/k_chart_dump.tsx(475,36): error TS2304: Cannot find name 'MCDM_METHODS'.
scratch/k_chart_dump.tsx(475,54): error TS7006: Parameter 'm' implicitly has an 'any' type.
scratch/k_chart_dump.tsx(475,71): error TS2304: Cannot find name 'selectedRankingMethod'.
scratch/k_chart_dump.tsx(475,104): error TS2304: Cannot find name 'selectedRankingMethod'.
scratch/k_chart_dump.tsx(480,16): error TS2304: Cannot find name 'YAxis'.
scratch/k_chart_dump.tsx(487,29): error TS2304: Cannot find name 'alternatives'.
scratch/k_chart_dump.tsx(491,24): error TS2304: Cannot find name 'alternatives'.
scratch/k_chart_dump.tsx(492,42): error TS2304: Cannot find name 'alternatives'.
scratch/k_chart_dump.tsx(493,53): error TS2304: Cannot find name 'alternatives'.
scratch/k_chart_dump.tsx(495,16): error TS2304: Cannot find name 'Tooltip'.
scratch/k_chart_dump.tsx(497,29): error TS7031: Binding element 'active' implicitly has an 'any' type.
scratch/k_chart_dump.tsx(497,37): error TS7031: Binding element 'payload' implicitly has an 'any' type.
scratch/k_chart_dump.tsx(497,46): error TS7031: Binding element 'label' implicitly has an 'any' type.
scratch/k_chart_dump.tsx(519,16): error TS2304: Cannot find name 'Legend'.
scratch/k_chart_dump.tsx(541,24): error TS2304: Cannot find name 'alternatives'.
scratch/k_chart_dump.tsx(541,42): error TS7006: Parameter 'alt' implicitly has an 'any' type.
scratch/k_chart_dump.tsx(541,47): error TS7006: Parameter 'i' implicitly has an 'any' type.
scratch/k_chart_dump.tsx(543,22): error TS2304: Cannot find name 'Bar'.
scratch/k_chart_dump.tsx(557,24): error TS2304: Cannot find name 'alternatives'.
scratch/k_chart_dump.tsx(557,42): error TS7006: Parameter 'alt' implicitly has an 'any' type.
scratch/k_chart_dump.tsx(557,47): error TS7006: Parameter 'i' implicitly has an 'any' type.
scratch/k_chart_dump.tsx(563,22): error TS2304: Cannot find name 'Line'.
scratch/k_chart_dump.tsx(584,15): error TS2304: Cannot find name 'ComposedChart'.
scratch/k_chart_dump.tsx(585,13): error TS2304: Cannot find name 'ResponsiveContainer'.
scratch/k_chart_dump.tsx(586,13): error TS2304: Cannot find name 'kSensChartType'.
scratch/k_chart_dump.tsx(591,18): error TS2304: Cannot find name 'ResponsiveContainer'.
scratch/k_chart_dump.tsx(592,20): error TS2304: Cannot find name 'ScatterChart'.
scratch/k_chart_dump.tsx(593,22): error TS2304: Cannot find name 'XAxis'.
scratch/k_chart_dump.tsx(597,40): error TS7006: Parameter '_' implicitly has an 'any' type.
scratch/k_chart_dump.tsx(597,43): error TS7006: Parameter 'i' implicitly has an 'any' type.
scratch/k_chart_dump.tsx(598,39): error TS7006: Parameter 'i' implicitly has an 'any' type.
scratch/k_chart_dump.tsx(605,22): error TS2304: Cannot find name 'YAxis'.
scratch/k_chart_dump.tsx(608,38): error TS2304: Cannot find name 'alternatives'.
scratch/k_chart_dump.tsx(609,30): error TS2304: Cannot find name 'alternatives'.
scratch/k_chart_dump.tsx(609,48): error TS7006: Parameter '_' implicitly has an 'any' type.
scratch/k_chart_dump.tsx(609,51): error TS7006: Parameter 'i' implicitly has an 'any' type.
scratch/k_chart_dump.tsx(610,39): error TS7006: Parameter 'i' implicitly has an 'any' type.
scratch/k_chart_dump.tsx(610,45): error TS2304: Cannot find name 'alternatives'.
scratch/k_chart_dump.tsx(610,58): error TS2304: Cannot find name 'alternatives'.
scratch/k_chart_dump.tsx(616,22): error TS2304: Cannot find name 'Tooltip'.
scratch/k_chart_dump.tsx(618,35): error TS7031: Binding element 'active' implicitly has an 'any' type.
scratch/k_chart_dump.tsx(618,43): error TS7031: Binding element 'payload' implicitly has an 'any' type.
scratch/k_chart_dump.tsx(632,22): error TS2304: Cannot find name 'Scatter'.
scratch/k_chart_dump.tsx(635,39): error TS7006: Parameter 'd' implicitly has an 'any' type.
scratch/k_chart_dump.tsx(635,42): error TS7006: Parameter 'vIdx' implicitly has an 'any' type.
scratch/k_chart_dump.tsx(636,27): error TS2304: Cannot find name 'alternatives'.
scratch/k_chart_dump.tsx(636,49): error TS7006: Parameter 'alt' implicitly has an 'any' type.
scratch/k_chart_dump.tsx(636,54): error TS7006: Parameter 'aIdx' implicitly has an 'any' type.
scratch/k_chart_dump.tsx(639,39): error TS2304: Cannot find name 'alternatives'.
scratch/k_chart_dump.tsx(651,40): error TS2304: Cannot find name 'alternatives'.
scratch/k_chart_dump.tsx(702,21): error TS2304: Cannot find name 'ScatterChart'.
scratch/k_chart_dump.tsx(703,19): error TS2304: Cannot find name 'ResponsiveContainer'.
scratch/k_chart_dump.tsx(708,34): error TS2304: Cannot find name 'alternatives'.
scratch/k_chart_dump.tsx(768,12): error TS2304: Cannot find name 'ResponsiveContainer'.
scratch/k_chart_dump.tsx(769,14): error TS2304: Cannot find name 'kSensChartType'.
scratch/k_chart_dump.tsx(769,49): error TS2304: Cannot find name 'kSensChartType'.
scratch/k_chart_dump.tsx(769,77): error TS2304: Cannot find name 'kSensChartType'.
scratch/k_chart_dump.tsx(770,16): error TS2304: Cannot find name 'BarChart'.
scratch/k_chart_dump.tsx(776,18): error TS2304: Cannot find name 'CartesianGrid'.
scratch/k_chart_dump.tsx(777,18): error TS2304: Cannot find name 'XAxis'.
scratch/k_chart_dump.tsx(786,18): error TS2304: Cannot find name 'XAxis'.
scratch/k_chart_dump.tsx(787,18): error TS2304: Cannot find name 'YAxis'.
scratch/k_chart_dump.tsx(792,74): error TS2304: Cannot find name 'MCDM_METHODS'.
scratch/k_chart_dump.tsx(792,92): error TS7006: Parameter 'm' implicitly has an 'any' type.
scratch/k_chart_dump.tsx(792,109): error TS2304: Cannot find name 'selectedRankingMethod'.
scratch/k_chart_dump.tsx(792,142): error TS2304: Cannot find name 'selectedRankingMethod'.
scratch/k_chart_dump.tsx(793,43): error TS2304: Cannot find name 'kSensChartType'.
scratch/k_chart_dump.tsx(797,20): error TS2304: Cannot find name 'YAxis'.
scratch/k_chart_dump.tsx(804,33): error TS2304: Cannot find name 'alternatives'.
scratch/k_chart_dump.tsx(807,28): error TS2304: Cannot find name 'alternatives'.
scratch/k_chart_dump.tsx(808,46): error TS2304: Cannot find name 'alternatives'.
scratch/k_chart_dump.tsx(809,57): error TS2304: Cannot find name 'alternatives'.
scratch/k_chart_dump.tsx(812,18): error TS2304: Cannot find name 'Tooltip'.
scratch/k_chart_dump.tsx(813,18): error TS2304: Cannot find name 'Legend'.
scratch/k_chart_dump.tsx(832,19): error TS2304: Cannot find name 'workingCriteria'.
scratch/k_chart_dump.tsx(832,40): error TS7006: Parameter 'crit' implicitly has an 'any' type.
scratch/k_chart_dump.tsx(832,46): error TS7006: Parameter 'idx' implicitly has an 'any' type.
scratch/k_chart_dump.tsx(833,22): error TS2304: Cannot find name 'Bar'.
scratch/k_chart_dump.tsx(833,83): error TS2304: Cannot find name 'colors'.
scratch/k_chart_dump.tsx(833,96): error TS2304: Cannot find name 'colors'.
scratch/k_chart_dump.tsx(833,150): error TS2304: Cannot find name 'kSensChartType'.
scratch/k_chart_dump.tsx(836,19): error TS2304: Cannot find name 'alternatives'.
scratch/k_chart_dump.tsx(836,37): error TS7006: Parameter 'alt' implicitly has an 'any' type.
scratch/k_chart_dump.tsx(836,42): error TS7006: Parameter 'altIdx' implicitly has an 'any' type.
scratch/k_chart_dump.tsx(837,22): error TS2304: Cannot find name 'Bar'.
scratch/k_chart_dump.tsx(841,29): error TS2304: Cannot find name 'colors'.
scratch/k_chart_dump.tsx(841,45): error TS2304: Cannot find name 'colors'.
scratch/k_chart_dump.tsx(843,32): error TS2304: Cannot find name 'kSensChartType'.
scratch/k_chart_dump.tsx(847,17): error TS2304: Cannot find name 'BarChart'.
scratch/k_chart_dump.tsx(849,13): error TS2304: Cannot find name 'ResponsiveContainer'.
